[2018-05-28T12:14:57.975+0000][0.009s] Using Concurrent Mark Sweep
[2018-05-28T12:14:57.976+0000][0.010s] Heap address: 0x00000000e0000000, size: 512 MB, Compressed Oops mode: 32-bit
[2018-05-28T12:14:59.482+0000][1.516s] GC(0) Pause Young (Allocation Failure)
[2018-05-28T12:14:59.483+0000][1.517s] GC(0) Using 4 workers of 4 for evacuation
[2018-05-28T12:14:59.495+0000][1.529s] GC(0) ParNew: 87424K->13865K(109248K)
[2018-05-28T12:14:59.496+0000][1.530s] GC(0) CMS: 0K->0K(393216K)
[2018-05-28T12:14:59.496+0000][1.530s] GC(0) Metaspace: 21115K->21115K(1069056K)
[2018-05-28T12:14:59.496+0000][1.530s] GC(0) Pause Young (Allocation Failure) 85M->13M(490M) 13.861ms
[2018-05-28T12:14:59.497+0000][1.531s] GC(0) User=0.03s Sys=0.00s Real=0.01s
[2018-05-28T12:14:59.499+0000][1.533s] GC(1) Pause Initial Mark
[2018-05-28T12:14:59.501+0000][1.535s] GC(1) Pause Initial Mark 14M->14M(490M) 2.043ms
[2018-05-28T12:14:59.501+0000][1.535s] GC(1) User=0.00s Sys=0.00s Real=0.00s
[2018-05-28T12:14:59.501+0000][1.535s] GC(1) Concurrent Mark
[2018-05-28T12:14:59.502+0000][1.536s] GC(1) Using 4 workers of 4 for marking
[2018-05-28T12:14:59.502+0000][1.536s] GC(1) Concurrent Mark 0.928ms
[2018-05-28T12:14:59.503+0000][1.536s] GC(1) User=0.00s Sys=0.00s Real=0.00s
[2018-05-28T12:14:59.503+0000][1.537s] GC(1) Concurrent Preclean
[2018-05-28T12:14:59.503+0000][1.537s] GC(1) Concurrent Preclean 0.709ms
[2018-05-28T12:14:59.504+0000][1.538s] GC(1) User=0.01s Sys=0.00s Real=0.00s
[2018-05-28T12:14:59.504+0000][1.538s] GC(1) Concurrent Abortable Preclean
[2018-05-28T12:15:00.037+0000][2.071s] GC(1) Concurrent Abortable Preclean 533.277ms
[2018-05-28T12:15:00.038+0000][2.071s] GC(1) User=1.01s Sys=0.14s Real=0.53s
[2018-05-28T12:15:00.038+0000][2.072s] GC(1) Pause Remark
[2018-05-28T12:15:00.039+0000][2.072s] GC(2) Pause Young (CMS Final Remark)
[2018-05-28T12:15:00.039+0000][2.073s] GC(2) Using 4 workers of 4 for evacuation
[2018-05-28T12:15:00.050+0000][2.084s] GC(2) ParNew: 59638K->15248K(109248K)
[2018-05-28T12:15:00.051+0000][2.085s] GC(2) CMS: 0K->0K(393216K)
[2018-05-28T12:15:00.051+0000][2.085s] GC(2) Metaspace: 25617K->25617K(1073152K)
[2018-05-28T12:15:00.052+0000][2.085s] GC(2) Pause Young (CMS Final Remark) 58M->14M(490M) 13.005ms
[2018-05-28T12:15:00.052+0000][2.086s] GC(2) User=0.03s Sys=0.00s Real=0.01s
[2018-05-28T12:15:00.062+0000][2.096s] GC(1) Pause Remark 58M->14M(490M) 24.226ms
[2018-05-28T12:15:00.063+0000][2.097s] GC(1) User=0.05s Sys=0.00s Real=0.02s
[2018-05-28T12:15:00.063+0000][2.097s] GC(1) Concurrent Sweep
[2018-05-28T12:15:00.064+0000][2.098s] GC(1) Concurrent Sweep 0.257ms
[2018-05-28T12:15:00.064+0000][2.098s] GC(1) User=0.00s Sys=0.00s Real=0.00s
[2018-05-28T12:15:00.064+0000][2.098s] GC(1) Concurrent Reset
[2018-05-28T12:15:00.067+0000][2.101s] GC(1) Concurrent Reset 2.416ms
[2018-05-28T12:15:00.067+0000][2.101s] GC(1) User=0.00s Sys=0.01s Real=0.00s
[2018-05-28T12:15:00.067+0000][2.101s] GC(1) Old: 0K->0K(393216K)
[2018-05-28T12:15:08.344+0000][10.378s] GC(3) Pause Young (Allocation Failure)
[2018-05-28T12:15:08.344+0000][10.378s] GC(3) Using 4 workers of 4 for evacuation
[2018-05-28T12:15:08.361+0000][10.395s] GC(3) ParNew: 102672K->21824K(109248K)
[2018-05-28T12:15:08.362+0000][10.396s] GC(3) CMS: 0K->239K(393216K)
[2018-05-28T12:15:08.362+0000][10.396s] GC(3) Metaspace: 31824K->31824K(1079296K)
[2018-05-28T12:15:08.362+0000][10.396s] GC(3) Pause Young (Allocation Failure) 100M->21M(490M) 18.552ms
[2018-05-28T12:15:08.363+0000][10.397s] GC(3) User=0.05s Sys=0.00s Real=0.02s
[2018-05-28T12:15:09.882+0000][11.916s] GC(4) Pause Young (Allocation Failure)
[2018-05-28T12:15:09.883+0000][11.917s] GC(4) Using 4 workers of 4 for evacuation
[2018-05-28T12:15:09.897+0000][11.931s] GC(4) ParNew: 109248K->21824K(109248K)
[2018-05-28T12:15:09.897+0000][11.931s] GC(4) CMS: 239K->974K(393216K)
[2018-05-28T12:15:09.897+0000][11.931s] GC(4) Metaspace: 35283K->35283K(1083392K)
[2018-05-28T12:15:09.898+0000][11.932s] GC(4) Pause Young (Allocation Failure) 106M->22M(490M) 15.595ms
[2018-05-28T12:15:09.898+0000][11.932s] GC(4) User=0.04s Sys=0.01s Real=0.02s
[2018-05-28T12:15:10.085+0000][12.119s] GC(5) Pause Young (Allocation Failure)
[2018-05-28T12:15:10.085+0000][12.119s] GC(5) Using 4 workers of 4 for evacuation
[2018-05-28T12:15:10.139+0000][12.173s] GC(5) ParNew: 109216K->21824K(109248K)
[2018-05-28T12:15:10.139+0000][12.173s] GC(5) CMS: 974K->10579K(393216K)
[2018-05-28T12:15:10.140+0000][12.174s] GC(5) Metaspace: 36657K->36657K(1083392K)
[2018-05-28T12:15:10.140+0000][12.174s] GC(5) Pause Young (Allocation Failure) 107M->31M(490M) 55.380ms
[2018-05-28T12:15:10.140+0000][12.174s] GC(5) User=0.08s Sys=0.00s Real=0.06s
[2018-05-28T12:15:10.548+0000][12.582s] GC(6) Pause Young (Allocation Failure)
[2018-05-28T12:15:10.549+0000][12.583s] GC(6) Using 4 workers of 4 for evacuation
[2018-05-28T12:15:10.554+0000][12.588s] GC(6) ParNew: 109248K->16276K(109248K)
[2018-05-28T12:15:10.554+0000][12.588s] GC(6) CMS: 10579K->10579K(393216K)
[2018-05-28T12:15:10.555+0000][12.589s] GC(6) Metaspace: 38431K->38431K(1085440K)
[2018-05-28T12:15:10.555+0000][12.589s] GC(6) Pause Young (Allocation Failure) 117M->26M(490M) 7.004ms
[2018-05-28T12:15:10.555+0000][12.589s] GC(6) User=0.02s Sys=0.01s Real=0.00s
[2018-05-28T12:15:11.066+0000][13.100s] GC(7) Pause Young (Allocation Failure)
[2018-05-28T12:15:11.066+0000][13.100s] GC(7) Using 4 workers of 4 for evacuation
[2018-05-28T12:15:11.073+0000][13.107s] GC(7) ParNew: 103700K->17128K(109248K)
[2018-05-28T12:15:11.073+0000][13.107s] GC(7) CMS: 10579K->10579K(393216K)
[2018-05-28T12:15:11.074+0000][13.107s] GC(7) Metaspace: 41553K->41553K(1087488K)
[2018-05-28T12:15:11.074+0000][13.108s] GC(7) Pause Young (Allocation Failure) 111M->27M(490M) 8.044ms
[2018-05-28T12:15:11.074+0000][13.108s] GC(7) User=0.03s Sys=0.00s Real=0.01s
[2018-05-28T12:15:11.860+0000][13.894s] GC(8) Pause Young (Allocation Failure)
[2018-05-28T12:15:11.860+0000][13.894s] GC(8) Using 4 workers of 4 for evacuation
[2018-05-28T12:15:11.868+0000][13.902s] GC(8) ParNew: 104552K->21824K(109248K)
[2018-05-28T12:15:11.868+0000][13.902s] GC(8) CMS: 10579K->10806K(393216K)
[2018-05-28T12:15:11.868+0000][13.902s] GC(8) Metaspace: 44196K->44196K(1091584K)
[2018-05-28T12:15:11.869+0000][13.902s] GC(8) Pause Young (Allocation Failure) 112M->31M(490M) 8.772ms
[2018-05-28T12:15:11.869+0000][13.903s] GC(8) User=0.02s Sys=0.01s Real=0.01s
[2018-05-28T12:15:11.869+0000][13.903s] GC(9) Pause Initial Mark
[2018-05-28T12:15:11.872+0000][13.905s] GC(9) Pause Initial Mark 32M->32M(490M) 2.197ms
[2018-05-28T12:15:11.872+0000][13.906s] GC(9) User=0.01s Sys=0.00s Real=0.00s
[2018-05-28T12:15:11.872+0000][13.906s] GC(9) Concurrent Mark
[2018-05-28T12:15:11.872+0000][13.906s] GC(9) Using 4 workers of 4 for marking
[2018-05-28T12:15:11.892+0000][13.926s] GC(9) Concurrent Mark 20.282ms
[2018-05-28T12:15:11.893+0000][13.927s] GC(9) User=0.07s Sys=0.01s Real=0.02s
[2018-05-28T12:15:11.893+0000][13.927s] GC(9) Concurrent Preclean
[2018-05-28T12:15:11.895+0000][13.928s] GC(9) Concurrent Preclean 1.358ms
[2018-05-28T12:15:11.895+0000][13.929s] GC(9) User=0.00s Sys=0.00s Real=0.00s
[2018-05-28T12:15:11.896+0000][13.930s] GC(9) Pause Remark
[2018-05-28T12:15:11.896+0000][13.930s] GC(10) Pause Young (CMS Final Remark)
[2018-05-28T12:15:11.897+0000][13.930s] GC(10) Using 4 workers of 4 for evacuation
[2018-05-28T12:15:11.903+0000][13.937s] GC(10) ParNew: 22565K->19848K(109248K)
[2018-05-28T12:15:11.903+0000][13.937s] GC(10) CMS: 10806K->10806K(393216K)
[2018-05-28T12:15:11.904+0000][13.938s] GC(10) Metaspace: 44208K->44208K(1091584K)
[2018-05-28T12:15:11.904+0000][13.938s] GC(10) Pause Young (CMS Final Remark) 32M->29M(490M) 7.883ms
[2018-05-28T12:15:11.904+0000][13.938s] GC(10) User=0.02s Sys=0.00s Real=0.01s
[2018-05-28T12:15:11.921+0000][13.955s] GC(9) Pause Remark 32M->29M(490M) 25.731ms
[2018-05-28T12:15:11.922+0000][13.956s] GC(9) User=0.07s Sys=0.00s Real=0.03s
[2018-05-28T12:15:11.928+0000][13.962s] GC(9) Concurrent Sweep
[2018-05-28T12:15:11.931+0000][13.965s] GC(9) Concurrent Sweep 2.654ms
[2018-05-28T12:15:11.931+0000][13.965s] GC(9) User=0.00s Sys=0.00s Real=0.00s
[2018-05-28T12:15:11.931+0000][13.965s] GC(9) Concurrent Reset
[2018-05-28T12:15:11.932+0000][13.966s] GC(9) Concurrent Reset 0.813ms
[2018-05-28T12:15:11.932+0000][13.966s] GC(9) User=0.00s Sys=0.00s Real=0.00s
[2018-05-28T12:15:11.933+0000][13.966s] GC(9) Old: 10806K->9798K(393216K)
[2018-05-28T12:15:12.044+0000][14.078s] GC(11) Pause Young (Allocation Failure)
[2018-05-28T12:15:12.044+0000][14.078s] GC(11) Using 4 workers of 4 for evacuation
[2018-05-28T12:15:12.054+0000][14.088s] GC(11) ParNew: 107272K->17431K(109248K)
[2018-05-28T12:15:12.055+0000][14.089s] GC(11) CMS: 9798K->12420K(393216K)
[2018-05-28T12:15:12.055+0000][14.089s] GC(11) Metaspace: 44216K->44216K(1091584K)
[2018-05-28T12:15:12.056+0000][14.090s] GC(11) Pause Young (Allocation Failure) 114M->29M(490M) 11.924ms
[2018-05-28T12:15:12.056+0000][14.090s] GC(11) User=0.05s Sys=0.00s Real=0.01s
[2018-05-28T12:15:12.433+0000][14.467s] GC(12) Pause Young (Allocation Failure)
[2018-05-28T12:15:12.433+0000][14.467s] GC(12) Using 4 workers of 4 for evacuation
[2018-05-28T12:15:12.450+0000][14.484s] GC(12) ParNew: 104832K->16527K(109248K)
[2018-05-28T12:15:12.451+0000][14.485s] GC(12) CMS: 12420K->13967K(393216K)
[2018-05-28T12:15:12.451+0000][14.485s] GC(12) Metaspace: 44517K->44517K(1091584K)
[2018-05-28T12:15:12.451+0000][14.485s] GC(12) Pause Young (Allocation Failure) 114M->29M(490M) 18.842ms
[2018-05-28T12:15:12.452+0000][14.486s] GC(12) User=0.05s Sys=0.00s Real=0.02s
[2018-05-28T12:15:12.498+0000][14.532s] GC(13) Pause Young (Allocation Failure)
[2018-05-28T12:15:12.498+0000][14.532s] GC(13) Using 4 workers of 4 for evacuation
[2018-05-28T12:15:12.508+0000][14.542s] GC(13) ParNew: 103951K->8684K(109248K)
[2018-05-28T12:15:12.509+0000][14.543s] GC(13) CMS: 13967K->18855K(393216K)
[2018-05-28T12:15:12.509+0000][14.543s] GC(13) Metaspace: 44537K->44537K(1091584K)
[2018-05-28T12:15:12.510+0000][14.543s] GC(13) Pause Young (Allocation Failure) 115M->26M(490M) 11.627ms
[2018-05-28T12:15:12.510+0000][14.544s] GC(13) User=0.02s Sys=0.01s Real=0.01s
[2018-05-28T12:15:12.849+0000][14.883s] GC(14) Pause Young (Allocation Failure)
[2018-05-28T12:15:12.850+0000][14.884s] GC(14) Using 4 workers of 4 for evacuation
[2018-05-28T12:15:12.858+0000][14.892s] GC(14) ParNew: 96103K->12020K(109248K)
[2018-05-28T12:15:12.859+0000][14.893s] GC(14) CMS: 18855K->19263K(393216K)
[2018-05-28T12:15:12.859+0000][14.893s] GC(14) Metaspace: 44659K->44659K(1091584K)
[2018-05-28T12:15:12.859+0000][14.893s] GC(14) Pause Young (Allocation Failure) 112M->30M(490M) 9.953ms
[2018-05-28T12:15:12.860+0000][14.894s] GC(14) User=0.01s Sys=0.01s Real=0.01s
[2018-05-28T12:15:12.908+0000][14.941s] GC(15) Pause Young (Allocation Failure)
[2018-05-28T12:15:12.908+0000][14.942s] GC(15) Using 4 workers of 4 for evacuation
[2018-05-28T12:15:12.922+0000][14.956s] GC(15) ParNew: 99444K->11109K(109248K)
[2018-05-28T12:15:12.922+0000][14.956s] GC(15) CMS: 19263K->20213K(393216K)
[2018-05-28T12:15:12.923+0000][14.957s] GC(15) Metaspace: 44688K->44688K(1091584K)
[2018-05-28T12:15:12.923+0000][14.957s] GC(15) Pause Young (Allocation Failure) 115M->30M(490M) 15.554ms
[2018-05-28T12:15:12.923+0000][14.957s] GC(15) User=0.04s Sys=0.00s Real=0.02s
[2018-05-28T12:15:12.959+0000][14.993s] GC(16) Pause Young (Allocation Failure)
[2018-05-28T12:15:12.959+0000][14.993s] GC(16) Using 4 workers of 4 for evacuation
[2018-05-28T12:15:12.969+0000][15.003s] GC(16) ParNew: 98533K->8267K(109248K)
[2018-05-28T12:15:12.970+0000][15.004s] GC(16) CMS: 20213K->21169K(393216K)
[2018-05-28T12:15:12.970+0000][15.004s] GC(16) Metaspace: 44703K->44703K(1091584K)
[2018-05-28T12:15:12.970+0000][15.004s] GC(16) Pause Young (Allocation Failure) 115M->28M(490M) 11.646ms
[2018-05-28T12:15:12.971+0000][15.005s] GC(16) User=0.02s Sys=0.00s Real=0.01s
[2018-05-28T12:15:12.997+0000][15.031s] GC(17) Pause Young (Allocation Failure)
[2018-05-28T12:15:12.998+0000][15.031s] GC(17) Using 4 workers of 4 for evacuation
[2018-05-28T12:15:13.008+0000][15.042s] GC(17) ParNew: 95691K->10192K(109248K)
[2018-05-28T12:15:13.008+0000][15.042s] GC(17) CMS: 21169K->22161K(393216K)
[2018-05-28T12:15:13.008+0000][15.042s] GC(17) Metaspace: 44713K->44713K(1091584K)
[2018-05-28T12:15:13.009+0000][15.043s] GC(17) Pause Young (Allocation Failure) 114M->31M(490M) 11.756ms
[2018-05-28T12:15:13.009+0000][15.043s] GC(17) User=0.03s Sys=0.00s Real=0.02s
[2018-05-28T12:15:13.073+0000][15.107s] GC(18) Pause Young (Allocation Failure)
[2018-05-28T12:15:13.073+0000][15.107s] GC(18) Using 4 workers of 4 for evacuation
[2018-05-28T12:15:13.109+0000][15.143s] GC(18) ParNew: 97616K->7537K(109248K)
[2018-05-28T12:15:13.110+0000][15.144s] GC(18) CMS: 22161K->22162K(393216K)
[2018-05-28T12:15:13.110+0000][15.144s] GC(18) Metaspace: 44737K->44737K(1091584K)
[2018-05-28T12:15:13.111+0000][15.145s] GC(18) Pause Young (Allocation Failure) 116M->29M(490M) 37.600ms
[2018-05-28T12:15:13.111+0000][15.145s] GC(18) User=0.09s Sys=0.00s Real=0.04s
[2018-05-28T12:15:13.421+0000][15.455s] GC(19) Pause Young (Allocation Failure)
[2018-05-28T12:15:13.422+0000][15.456s] GC(19) Using 4 workers of 4 for evacuation
[2018-05-28T12:15:13.434+0000][15.468s] GC(19) ParNew: 94961K->9327K(109248K)
[2018-05-28T12:15:13.435+0000][15.469s] GC(19) CMS: 22162K->22167K(393216K)
[2018-05-28T12:15:13.435+0000][15.469s] GC(19) Metaspace: 44810K->44810K(1091584K)
[2018-05-28T12:15:13.435+0000][15.469s] GC(19) Pause Young (Allocation Failure) 114M->30M(490M) 13.925ms
[2018-05-28T12:15:13.436+0000][15.469s] GC(19) User=0.02s Sys=0.00s Real=0.01s
[2018-05-28T12:15:13.472+0000][15.506s] GC(20) Pause Young (Allocation Failure)
[2018-05-28T12:15:13.473+0000][15.506s] GC(20) Using 4 workers of 4 for evacuation
[2018-05-28T12:15:13.484+0000][15.518s] GC(20) ParNew: 96751K->8614K(109248K)
[2018-05-28T12:15:13.485+0000][15.519s] GC(20) CMS: 22167K->22761K(393216K)
[2018-05-28T12:15:13.485+0000][15.519s] GC(20) Metaspace: 44816K->44816K(1091584K)
[2018-05-28T12:15:13.486+0000][15.519s] GC(20) Pause Young (Allocation Failure) 116M->30M(490M) 13.625ms
[2018-05-28T12:15:13.486+0000][15.520s] GC(20) User=0.02s Sys=0.00s Real=0.01s
[2018-05-28T12:15:13.736+0000][15.770s] GC(21) Pause Young (Allocation Failure)
[2018-05-28T12:15:13.736+0000][15.770s] GC(21) Using 4 workers of 4 for evacuation
[2018-05-28T12:15:13.742+0000][15.776s] GC(21) ParNew: 96028K->7852K(109248K)
[2018-05-28T12:15:13.742+0000][15.776s] GC(21) CMS: 22761K->22857K(393216K)
[2018-05-28T12:15:13.743+0000][15.777s] GC(21) Metaspace: 44858K->44858K(1091584K)
[2018-05-28T12:15:13.743+0000][15.777s] GC(21) Pause Young (Allocation Failure) 116M->29M(490M) 7.363ms
[2018-05-28T12:15:13.743+0000][15.777s] GC(21) User=0.01s Sys=0.00s Real=0.01s
[2018-05-28T12:15:13.785+0000][15.819s] GC(22) Pause Young (Allocation Failure)
[2018-05-28T12:15:13.786+0000][15.820s] GC(22) Using 4 workers of 4 for evacuation
[2018-05-28T12:15:13.792+0000][15.826s] GC(22) ParNew: 95276K->7110K(109248K)
[2018-05-28T12:15:13.793+0000][15.827s] GC(22) CMS: 22857K->24090K(393216K)
[2018-05-28T12:15:13.793+0000][15.827s] GC(22) Metaspace: 44912K->44912K(1091584K)
[2018-05-28T12:15:13.794+0000][15.828s] GC(22) Pause Young (Allocation Failure) 115M->30M(490M) 8.866ms
[2018-05-28T12:15:13.794+0000][15.828s] GC(22) User=0.02s Sys=0.00s Real=0.01s
[2018-05-28T12:15:14.134+0000][16.168s] GC(23) Pause Young (Allocation Failure)
[2018-05-28T12:15:14.134+0000][16.168s] GC(23) Using 4 workers of 4 for evacuation
[2018-05-28T12:15:14.140+0000][16.174s] GC(23) ParNew: 94534K->6901K(109248K)
[2018-05-28T12:15:14.141+0000][16.175s] GC(23) CMS: 24090K->24287K(393216K)
[2018-05-28T12:15:14.141+0000][16.175s] GC(23) Metaspace: 45018K->45018K(1091584K)
[2018-05-28T12:15:14.141+0000][16.175s] GC(23) Pause Young (Allocation Failure) 115M->30M(490M) 7.601ms
[2018-05-28T12:15:14.142+0000][16.176s] GC(23) User=0.02s Sys=0.00s Real=0.01s
[2018-05-28T12:15:14.182+0000][16.216s] GC(24) Pause Young (Allocation Failure)
[2018-05-28T12:15:14.183+0000][16.217s] GC(24) Using 4 workers of 4 for evacuation
[2018-05-28T12:15:14.188+0000][16.222s] GC(24) ParNew: 94325K->10716K(109248K)
[2018-05-28T12:15:14.188+0000][16.222s] GC(24) CMS: 24287K->24400K(393216K)
[2018-05-28T12:15:14.189+0000][16.222s] GC(24) Metaspace: 45025K->45025K(1091584K)
[2018-05-28T12:15:14.189+0000][16.223s] GC(24) Pause Young (Allocation Failure) 115M->34M(490M) 6.524ms
[2018-05-28T12:15:14.189+0000][16.223s] GC(24) User=0.02s Sys=0.00s Real=0.01s
[2018-05-28T12:15:14.489+0000][16.523s] GC(25) Pause Young (Allocation Failure)
[2018-05-28T12:15:14.490+0000][16.524s] GC(25) Using 4 workers of 4 for evacuation
[2018-05-28T12:15:14.495+0000][16.529s] GC(25) ParNew: 98140K->7953K(109248K)
[2018-05-28T12:15:14.496+0000][16.530s] GC(25) CMS: 24400K->24482K(393216K)
[2018-05-28T12:15:14.496+0000][16.530s] GC(25) Metaspace: 45144K->45144K(1091584K)
[2018-05-28T12:15:14.496+0000][16.530s] GC(25) Pause Young (Allocation Failure) 119M->31M(490M) 7.397ms
[2018-05-28T12:15:14.497+0000][16.531s] GC(25) User=0.02s Sys=0.00s Real=0.00s
[2018-05-28T12:15:14.519+0000][16.553s] GC(26) Pause Young (Allocation Failure)
[2018-05-28T12:15:14.519+0000][16.553s] GC(26) Using 4 workers of 4 for evacuation
[2018-05-28T12:15:14.526+0000][16.560s] GC(26) ParNew: 95377K->11894K(109248K)
[2018-05-28T12:15:14.526+0000][16.560s] GC(26) CMS: 24482K->24880K(393216K)
[2018-05-28T12:15:14.527+0000][16.561s] GC(26) Metaspace: 45150K->45150K(1091584K)
[2018-05-28T12:15:14.527+0000][16.561s] GC(26) Pause Young (Allocation Failure) 117M->35M(490M) 8.479ms
[2018-05-28T12:15:14.528+0000][16.562s] GC(26) User=0.02s Sys=0.00s Real=0.00s
[2018-05-28T12:15:14.548+0000][16.582s] GC(27) Pause Young (Allocation Failure)
[2018-05-28T12:15:14.548+0000][16.582s] GC(27) Using 4 workers of 4 for evacuation
[2018-05-28T12:15:14.554+0000][16.587s] GC(27) ParNew: 99318K->6524K(109248K)
[2018-05-28T12:15:14.554+0000][16.588s] GC(27) CMS: 24880K->25693K(393216K)
[2018-05-28T12:15:14.554+0000][16.588s] GC(27) Metaspace: 45150K->45150K(1091584K)
[2018-05-28T12:15:14.555+0000][16.589s] GC(27) Pause Young (Allocation Failure) 121M->31M(490M) 7.060ms
[2018-05-28T12:15:14.555+0000][16.589s] GC(27) User=0.03s Sys=0.00s Real=0.01s
[2018-05-28T12:15:14.626+0000][16.660s] GC(28) Pause Young (Allocation Failure)
[2018-05-28T12:15:14.627+0000][16.660s] GC(28) Using 4 workers of 4 for evacuation
[2018-05-28T12:15:14.632+0000][16.666s] GC(28) ParNew: 93948K->8100K(109248K)
[2018-05-28T12:15:14.632+0000][16.666s] GC(28) CMS: 25693K->25781K(393216K)
[2018-05-28T12:15:14.632+0000][16.666s] GC(28) Metaspace: 45153K->45153K(1091584K)
[2018-05-28T12:15:14.633+0000][16.667s] GC(28) Pause Young (Allocation Failure) 116M->33M(490M) 6.816ms
[2018-05-28T12:15:14.633+0000][16.667s] GC(28) User=0.03s Sys=0.00s Real=0.01s
[2018-05-28T12:15:14.812+0000][16.846s] GC(29) Pause Young (Allocation Failure)
[2018-05-28T12:15:14.812+0000][16.846s] GC(29) Using 4 workers of 4 for evacuation
[2018-05-28T12:15:14.819+0000][16.853s] GC(29) ParNew: 95524K->5708K(109248K)
[2018-05-28T12:15:14.819+0000][16.853s] GC(29) CMS: 25781K->28014K(393216K)
[2018-05-28T12:15:14.819+0000][16.853s] GC(29) Metaspace: 45199K->45199K(1091584K)
[2018-05-28T12:15:14.820+0000][16.853s] GC(29) Pause Young (Allocation Failure) 118M->32M(490M) 7.779ms
[2018-05-28T12:15:14.820+0000][16.854s] GC(29) User=0.02s Sys=0.01s Real=0.01s
[2018-05-28T12:15:14.863+0000][16.897s] GC(30) Pause Young (Allocation Failure)
[2018-05-28T12:15:14.863+0000][16.897s] GC(30) Using 4 workers of 4 for evacuation
[2018-05-28T12:15:14.867+0000][16.901s] GC(30) ParNew: 93132K->5355K(109248K)
[2018-05-28T12:15:14.867+0000][16.901s] GC(30) CMS: 28014K->28031K(393216K)
[2018-05-28T12:15:14.868+0000][16.902s] GC(30) Metaspace: 45199K->45199K(1091584K)
[2018-05-28T12:15:14.868+0000][16.902s] GC(30) Pause Young (Allocation Failure) 118M->32M(490M) 5.558ms
